[
    {
        "id": 123456,
        "message": {
            "id": 42,
            "date": "2022-03-05T21:45:36.000000Z",
            "text": "\/start",
            "protected": false,
            "from": {
                "id": 444,
                "is_bot": false,
                "first_name": "John",
                "last_name": "Smith",
                "username": "john_smith",
                "language_code": "en",
                "is_premium": false
            },
            "chat": {
                "id": "987654",
                "type": "private",
                "title": "john_smith"
            },
            "photos": [],
            "new_chat_members": []
        }
    },
    {
        "id": 123457,
        "message": {
            "id": 99,
            "date": "2022-03-05T22:35:36.000000Z",
            "text": "Hello world!",
            "protected": false,
            "from": {
                "id": 8974,
                "is_bot": true,
                "first_name": "Test Bot",
                "last_name": "",
                "username": "test_bot",
                "language_code": "",
                "is_premium": false
            },
            "chat": {
                "id": "-987455499",
                "type": "group",
                "title": "Bot Test Chat"
            },
            "photos": [],
            "new_chat_members": []
        }
    }
]