{
    "url": "https:\/\/api.telegram.org\/bot3f3814e1-5836-3d77-904e-60f64b15df36\/deleteForumTopic",
    "payload": {
        "message_thread_id": 123456,
        "chat_id": "-123456789"
    },
    "files": []
}