{"url":"https:\/\/api.telegram.org\/bot3f3814e1-5836-3d77-904e-60f64b15df36\/sendSticker","payload":{"chat_id":"-123456789","sticker":"CAACAgEAAxkBAAEr3Y1mZFR5Gf4X5m0CLLNUbpzwuPhcFQACLQIAAqcjIUQ9QDDJ7YO0tjUE","emoji":""},"files":[]}